
> skillproof-client@1.0.0 build
> vite build

[36mvite v6.4.1 [32mbuilding for production...[36m[39m
transforming...
[32mΓ£ô[39m 2719 modules transformed.
node.exe : 
[31mΓ£ù[39m Build 
failed in 3.03s
At line:1 char:1
+ & "C:\Program 
Files\nodejs/node.exe" 
"C:\Program 
Files\nodejs/node_mo 
...
+ ~~~~~~~~~~~~~~~~~~~~~
~~~~~~~~~~~~~~~~~~~~~~~
~~~~~~~~~~~~~~~~~~~~~~~
~~
    + CategoryInfo     
         : NotSpecifi  
  ed: ([31mΓ£ù[39m   
  Build failed in 3    
.03s:String) [], R    
emoteException
    + FullyQualifiedEr 
   rorId : NativeComm  
  andError
 
[31merror during 
build:
[31msrc/pages/TaskSubm
issions.jsx (3:29): 
"getTaskById" is not 
exported by 
"src/api.js", imported 
by "src/pages/TaskSubmi
ssions.jsx".[31m
file: [36mC:/Users/len
ovo/Desktop/Aura-audit-
main/Aura-audit-auditor
/client/src/pages/TaskS
ubmissions.jsx:3:29[31
m
[33m
1: import { useState, 
useEffect } from 
'react';
2: import { useParams, 
Link } from 
'react-router-dom';
3: import { 
getTaskSubmissions, 
getTaskById } from 
'../api';
                       
         ^
4: import { ArrowLeft, 
CheckCircle, XCircle, 
AlertTriangle, Play, 
ShieldAlert, 
ChevronDown, ChevronUp 
} from 'lucide-rea...
[31m
    at getRollupError (
file:///C:/Users/lenovo
/Desktop/Aura-audit-mai
n/Aura-audit-auditor/cl
ient/node_modules/rollu
p/dist/es/shared/parseA
st.js:402:41)
    at error (file:///C
:/Users/lenovo/Desktop/
Aura-audit-main/Aura-au
dit-auditor/client/node
_modules/rollup/dist/es
/shared/parseAst.js:398
:42)
    at Module.error (fi
le:///C:/Users/lenovo/D
esktop/Aura-audit-main/
Aura-audit-auditor/clie
nt/node_modules/rollup/
dist/es/shared/node-ent
ry.js:17040:16)
    at 
Module.traceVariable (f
ile:///C:/Users/lenovo/
Desktop/Aura-audit-main
/Aura-audit-auditor/cli
ent/node_modules/rollup
/dist/es/shared/node-en
try.js:17452:29)
    at ModuleScope.find
Variable (file:///C:/Us
ers/lenovo/Desktop/Aura
-audit-main/Aura-audit-
auditor/client/node_mod
ules/rollup/dist/es/sha
red/node-entry.js:15070
:39)
    at FunctionScope.fi
ndVariable (file:///C:/
Users/lenovo/Desktop/Au
ra-audit-main/Aura-audi
t-auditor/client/node_m
odules/rollup/dist/es/s
hared/node-entry.js:567
3:38)
    at FunctionBodyScop
e.findVariable (file://
/C:/Users/lenovo/Deskto
p/Aura-audit-main/Aura-
audit-auditor/client/no
de_modules/rollup/dist/
es/shared/node-entry.js
:5673:38)
    at ReturnValueScope
.findVariable (file:///
C:/Users/lenovo/Desktop
/Aura-audit-main/Aura-a
udit-auditor/client/nod
e_modules/rollup/dist/e
s/shared/node-entry.js:
5673:38)
    at FunctionBodyScop
e.findVariable (file://
/C:/Users/lenovo/Deskto
p/Aura-audit-main/Aura-
audit-auditor/client/no
de_modules/rollup/dist/
es/shared/node-entry.js
:5673:38)
    at ReturnValueScope
.findVariable (file:///
C:/Users/lenovo/Desktop
/Aura-audit-main/Aura-a
udit-auditor/client/nod
e_modules/rollup/dist/e
s/shared/node-entry.js:
5673:38)[39m
